// Jest Snapshot v1, https://goo.gl/fbAQLP

exports[`capitalletter Should render character name 1`] = `undefined`;
